[2026-05-08T04:53:03Z] === ENRICH ITERATION 1 START | repo=servo/rust-url sha=43f47e2f ===
[2026-05-08T04:53:03Z] [iter=1] PHASE START: enrich repo=servo/rust-url sha=43f47e2f runlog=/home/runner/work/forx/forx/storage/aggregate/lsp/logs/43f47e2f-enrich-iter-001.log output=/home/runner/work/forx/forx/storage/aggregate/lsp/43f47e2fcfdd132c531fb05aa16171ca85be95f4.nq.gz
[2026-05-08T04:53:03Z] [iter=1] Step 1: Loading AST into disk-backed store mem_mb=77 MB
[2026-05-08T04:53:07Z] [iter=1] AST store loaded triples=480225 load_secs=3 mem_mb=758 MB
[2026-05-08T04:53:07Z] [iter=1] Step 2: Finding LSP targets mem_mb=758 MB
[2026-05-08T04:53:08Z] [iter=1] LSP targets found call_sites=4212 imports=124 extends=0 implements=29 secs=1
[2026-05-08T04:53:08Z] [iter=1] Step 2.7: Building position index (one-shot, shared across resolvers) mem_mb=758 MB
[2026-05-08T04:53:11Z] [iter=1] Position index built positions=32007 nodes_with_types=38186 secs=2 mem_mb=758 MB
[2026-05-08T04:53:11Z] [iter=1] Step 3: Starting LSP resolution mem_mb=758 MB already_completed_types=[] already_completed_files=0
[2026-05-08T04:53:11Z] [iter=1] Resolving target type target_type=call_site count=4212
[2026-05-08T04:54:36Z] [iter=1] HEARTBEAT target_type=call_site elapsed_min=1.5 files_done=1 resolved=304 errors=334 current=idna/tests/unit.rs
[2026-05-08T04:55:58Z] [iter=1] HEARTBEAT target_type=call_site elapsed_min=2.9 files_done=3 resolved=625 errors=776 current=idna/src/deprecated.rs
[2026-05-08T04:56:33Z] [iter=1] HEARTBEAT target_type=call_site elapsed_min=3.5 files_done=6 resolved=700 errors=973 current=url/src/parser.rs
[2026-05-08T04:57:25Z] [iter=1] HEARTBEAT target_type=call_site elapsed_min=4.4 files_done=7 resolved=1004 errors=1255 current=idna/tests/unitbis.rs
[2026-05-08T04:58:34Z] [iter=1] HEARTBEAT target_type=call_site elapsed_min=5.5 files_done=12 resolved=1237 errors=1622 current=data-url/src/mime.rs
[2026-05-08T04:59:17Z] [iter=1] HEARTBEAT target_type=call_site elapsed_min=6.2 files_done=17 resolved=1448 errors=1860 current=data-url/src/lib.rs
[2026-05-08T04:59:48Z] [iter=1] HEARTBEAT target_type=call_site elapsed_min=6.8 files_done=19 resolved=1525 errors=2033 current=url/src/origin.rs
[2026-05-08T05:00:22Z] [iter=1] HEARTBEAT target_type=call_site elapsed_min=7.3 files_done=23 resolved=1603 errors=2219 current=url/src/slicing.rs
[2026-05-08T05:00:47Z] [iter=1] Target type resolved target_type=call_site resolved=1697 errors=2343 secs=457 mem_mb=758 MB
[2026-05-08T05:00:47Z] [iter=1] Resolving target type target_type=import_statement count=124
[2026-05-08T05:00:57Z] [iter=1] HEARTBEAT target_type=import_statement elapsed_min=7.9 files_done=1 resolved=28 errors=0 current=idna/tests/deprecated.rs
[2026-05-08T05:01:01Z] [iter=1] Target type resolved target_type=import_statement resolved=122 errors=0 secs=14 mem_mb=758 MB
[2026-05-08T05:01:01Z] [iter=1] Resolving target type target_type=implements_clause count=29
[2026-05-08T05:01:11Z] [iter=1] Target type resolved target_type=implements_clause resolved=27 errors=0 secs=10 mem_mb=758 MB
[2026-05-08T05:01:24Z] [iter=1] Step 5: Writing final enrichment file triples=32745
[2026-05-08T05:01:24Z] [iter=1] Enrichment file written path=/home/runner/work/forx/forx/storage/aggregate/lsp/43f47e2fcfdd132c531fb05aa16171ca85be95f4.nq.gz size_kb=600
[2026-05-08T05:01:24Z] [iter=1] PHASE END: enrich elapsed_s=501 elapsed_min=8.4 total_triples=32745
